node.exe : npm error Missing script: "test"
At line:1 char:1
+ & "C:\Program Files\nodejs/node.exe" "C:\Users\apps1\AppData\Roaming\ ...
+ ~~~~~~~~~~~~~~~~~~~~~~~~~~~~~~~~~~~~~~~~~~~~~~~~~~~~~~~~~~~~~~~~~~~~~
    + CategoryInfo          : NotSpecified: (npm error Missing script: "test":String) [], RemoteException
    + FullyQualifiedErrorId : NativeCommandError
 
npm error
npm error To see a list of scripts, run:
npm error   npm run
npm error A complete log of this run can be found in: C:\Users\apps1\AppData\Local\npm-cache\_logs\2025-12-03T17_00_29_653Z-debug-0.log
